[0.152s] DEBUG:colcon:Command line arguments: ['/usr/bin/colcon', 'build', '--symlink-install']
[0.152s] DEBUG:colcon:Parsed command line arguments: Namespace(log_base=None, log_level=None, verb_name='build', build_base='build', install_base='install', merge_install=False, symlink_install=True, test_result_base=None, continue_on_error=False, executor='parallel', parallel_workers=12, event_handlers=None, ignore_user_meta=False, metas=['./colcon.meta'], base_paths=['.'], packages_ignore=None, packages_ignore_regex=None, paths=None, packages_up_to=None, packages_up_to_regex=None, packages_above=None, packages_above_and_dependencies=None, packages_above_depth=None, packages_select_by_dep=None, packages_skip_by_dep=None, packages_skip_up_to=None, packages_select_build_failed=False, packages_skip_build_finished=False, packages_select_test_failures=False, packages_skip_test_passed=False, packages_select=None, packages_skip=None, packages_select_regex=None, packages_skip_regex=None, packages_start=None, packages_end=None, allow_overriding=[], cmake_args=None, cmake_target=None, cmake_target_skip_unavailable=False, cmake_clean_cache=False, cmake_clean_first=False, cmake_force_configure=False, ament_cmake_args=None, catkin_cmake_args=None, catkin_skip_building_tests=False, mixin_files=None, mixin=None, verb_parser=<colcon_mixin.mixin.mixin_argument.MixinArgumentDecorator object at 0x7b18dba99490>, verb_extension=<colcon_core.verb.build.BuildVerb object at 0x7b18dbbc5bb0>, main=<bound method BuildVerb.main of <colcon_core.verb.build.BuildVerb object at 0x7b18dbbc5bb0>>, mixin_verb=('build',))
[0.184s] Level 1:colcon.colcon_core.package_discovery:discover_packages(colcon_meta) check parameters
[0.184s] Level 1:colcon.colcon_core.package_discovery:discover_packages(recursive) check parameters
[0.184s] Level 1:colcon.colcon_core.package_discovery:discover_packages(ignore) check parameters
[0.184s] Level 1:colcon.colcon_core.package_discovery:discover_packages(path) check parameters
[0.184s] Level 1:colcon.colcon_core.package_discovery:discover_packages(colcon_meta) discover
[0.184s] Level 1:colcon.colcon_core.package_discovery:discover_packages(recursive) discover
[0.185s] INFO:colcon.colcon_core.package_discovery:Crawling recursively for packages in '/home/taneesh/Nav2_Assessment_ws'
[0.185s] Level 1:colcon.colcon_core.package_identification:_identify(.) by extensions ['ignore', 'ignore_ament_install']
[0.185s] Level 1:colcon.colcon_core.package_identification:_identify(.) by extension 'ignore'
[0.185s] Level 1:colcon.colcon_core.package_identification:_identify(.) by extension 'ignore_ament_install'
[0.185s] Level 1:colcon.colcon_core.package_identification:_identify(.) by extensions ['colcon_pkg']
[0.185s] Level 1:colcon.colcon_core.package_identification:_identify(.) by extension 'colcon_pkg'
[0.185s] Level 1:colcon.colcon_core.package_identification:_identify(.) by extensions ['colcon_meta']
[0.185s] Level 1:colcon.colcon_core.package_identification:_identify(.) by extension 'colcon_meta'
[0.185s] Level 1:colcon.colcon_core.package_identification:_identify(.) by extensions ['ros']
[0.185s] Level 1:colcon.colcon_core.package_identification:_identify(.) by extension 'ros'
[0.206s] Level 1:colcon.colcon_core.package_identification:_identify(.) by extensions ['cmake', 'python']
[0.206s] Level 1:colcon.colcon_core.package_identification:_identify(.) by extension 'cmake'
[0.206s] Level 1:colcon.colcon_core.package_identification:_identify(.) by extension 'python'
[0.206s] Level 1:colcon.colcon_core.package_identification:_identify(.) by extensions ['python_setup_py']
[0.206s] Level 1:colcon.colcon_core.package_identification:_identify(.) by extension 'python_setup_py'
[0.206s] Level 1:colcon.colcon_core.package_identification:_identify(build) by extensions ['ignore', 'ignore_ament_install']
[0.206s] Level 1:colcon.colcon_core.package_identification:_identify(build) by extension 'ignore'
[0.206s] Level 1:colcon.colcon_core.package_identification:_identify(build) ignored
[0.206s] Level 1:colcon.colcon_core.package_identification:_identify(cone_toolpath) by extensions ['ignore', 'ignore_ament_install']
[0.207s] Level 1:colcon.colcon_core.package_identification:_identify(cone_toolpath) by extension 'ignore'
[0.207s] Level 1:colcon.colcon_core.package_identification:_identify(cone_toolpath) by extension 'ignore_ament_install'
[0.207s] Level 1:colcon.colcon_core.package_identification:_identify(cone_toolpath) by extensions ['colcon_pkg']
[0.207s] Level 1:colcon.colcon_core.package_identification:_identify(cone_toolpath) by extension 'colcon_pkg'
[0.207s] Level 1:colcon.colcon_core.package_identification:_identify(cone_toolpath) by extensions ['colcon_meta']
[0.207s] Level 1:colcon.colcon_core.package_identification:_identify(cone_toolpath) by extension 'colcon_meta'
[0.207s] Level 1:colcon.colcon_core.package_identification:_identify(cone_toolpath) by extensions ['ros']
[0.207s] Level 1:colcon.colcon_core.package_identification:_identify(cone_toolpath) by extension 'ros'
[0.207s] Level 1:colcon.colcon_core.package_identification:_identify(cone_toolpath) by extensions ['cmake', 'python']
[0.207s] Level 1:colcon.colcon_core.package_identification:_identify(cone_toolpath) by extension 'cmake'
[0.207s] Level 1:colcon.colcon_core.package_identification:_identify(cone_toolpath) by extension 'python'
[0.207s] Level 1:colcon.colcon_core.package_identification:_identify(cone_toolpath) by extensions ['python_setup_py']
[0.207s] Level 1:colcon.colcon_core.package_identification:_identify(cone_toolpath) by extension 'python_setup_py'
[0.207s] Level 1:colcon.colcon_core.package_identification:_identify(install) by extensions ['ignore', 'ignore_ament_install']
[0.207s] Level 1:colcon.colcon_core.package_identification:_identify(install) by extension 'ignore'
[0.207s] Level 1:colcon.colcon_core.package_identification:_identify(install) ignored
[0.207s] Level 1:colcon.colcon_core.package_identification:_identify(launch) by extensions ['ignore', 'ignore_ament_install']
[0.207s] Level 1:colcon.colcon_core.package_identification:_identify(launch) by extension 'ignore'
[0.207s] Level 1:colcon.colcon_core.package_identification:_identify(launch) by extension 'ignore_ament_install'
[0.207s] Level 1:colcon.colcon_core.package_identification:_identify(launch) by extensions ['colcon_pkg']
[0.207s] Level 1:colcon.colcon_core.package_identification:_identify(launch) by extension 'colcon_pkg'
[0.207s] Level 1:colcon.colcon_core.package_identification:_identify(launch) by extensions ['colcon_meta']
[0.207s] Level 1:colcon.colcon_core.package_identification:_identify(launch) by extension 'colcon_meta'
[0.207s] Level 1:colcon.colcon_core.package_identification:_identify(launch) by extensions ['ros']
[0.207s] Level 1:colcon.colcon_core.package_identification:_identify(launch) by extension 'ros'
[0.207s] Level 1:colcon.colcon_core.package_identification:_identify(launch) by extensions ['cmake', 'python']
[0.207s] Level 1:colcon.colcon_core.package_identification:_identify(launch) by extension 'cmake'
[0.207s] Level 1:colcon.colcon_core.package_identification:_identify(launch) by extension 'python'
[0.207s] Level 1:colcon.colcon_core.package_identification:_identify(launch) by extensions ['python_setup_py']
[0.207s] Level 1:colcon.colcon_core.package_identification:_identify(launch) by extension 'python_setup_py'
[0.208s] Level 1:colcon.colcon_core.package_identification:_identify(log) by extensions ['ignore', 'ignore_ament_install']
[0.208s] Level 1:colcon.colcon_core.package_identification:_identify(log) by extension 'ignore'
[0.208s] Level 1:colcon.colcon_core.package_identification:_identify(log) ignored
[0.208s] Level 1:colcon.colcon_core.package_identification:_identify(src) by extensions ['ignore', 'ignore_ament_install']
[0.208s] Level 1:colcon.colcon_core.package_identification:_identify(src) by extension 'ignore'
[0.208s] Level 1:colcon.colcon_core.package_identification:_identify(src) by extension 'ignore_ament_install'
[0.208s] Level 1:colcon.colcon_core.package_identification:_identify(src) by extensions ['colcon_pkg']
[0.208s] Level 1:colcon.colcon_core.package_identification:_identify(src) by extension 'colcon_pkg'
[0.208s] Level 1:colcon.colcon_core.package_identification:_identify(src) by extensions ['colcon_meta']
[0.208s] Level 1:colcon.colcon_core.package_identification:_identify(src) by extension 'colcon_meta'
[0.208s] Level 1:colcon.colcon_core.package_identification:_identify(src) by extensions ['ros']
[0.208s] Level 1:colcon.colcon_core.package_identification:_identify(src) by extension 'ros'
[0.208s] Level 1:colcon.colcon_core.package_identification:_identify(src) by extensions ['cmake', 'python']
[0.208s] Level 1:colcon.colcon_core.package_identification:_identify(src) by extension 'cmake'
[0.208s] Level 1:colcon.colcon_core.package_identification:_identify(src) by extension 'python'
[0.208s] Level 1:colcon.colcon_core.package_identification:_identify(src) by extensions ['python_setup_py']
[0.208s] Level 1:colcon.colcon_core.package_identification:_identify(src) by extension 'python_setup_py'
[0.208s] Level 1:colcon.colcon_core.package_identification:_identify(src/assessment_launch) by extensions ['ignore', 'ignore_ament_install']
[0.208s] Level 1:colcon.colcon_core.package_identification:_identify(src/assessment_launch) by extension 'ignore'
[0.208s] Level 1:colcon.colcon_core.package_identification:_identify(src/assessment_launch) by extension 'ignore_ament_install'
[0.208s] Level 1:colcon.colcon_core.package_identification:_identify(src/assessment_launch) by extensions ['colcon_pkg']
[0.208s] Level 1:colcon.colcon_core.package_identification:_identify(src/assessment_launch) by extension 'colcon_pkg'
[0.208s] Level 1:colcon.colcon_core.package_identification:_identify(src/assessment_launch) by extensions ['colcon_meta']
[0.208s] Level 1:colcon.colcon_core.package_identification:_identify(src/assessment_launch) by extension 'colcon_meta'
[0.208s] Level 1:colcon.colcon_core.package_identification:_identify(src/assessment_launch) by extensions ['ros']
[0.208s] Level 1:colcon.colcon_core.package_identification:_identify(src/assessment_launch) by extension 'ros'
[0.210s] DEBUG:colcon.colcon_core.package_identification:Package 'src/assessment_launch' with type 'ros.ament_python' and name 'assessment_launch'
[0.210s] Level 1:colcon.colcon_core.package_identification:_identify(src/nav_monitor) by extensions ['ignore', 'ignore_ament_install']
[0.210s] Level 1:colcon.colcon_core.package_identification:_identify(src/nav_monitor) by extension 'ignore'
[0.210s] Level 1:colcon.colcon_core.package_identification:_identify(src/nav_monitor) by extension 'ignore_ament_install'
[0.210s] Level 1:colcon.colcon_core.package_identification:_identify(src/nav_monitor) by extensions ['colcon_pkg']
[0.210s] Level 1:colcon.colcon_core.package_identification:_identify(src/nav_monitor) by extension 'colcon_pkg'
[0.210s] Level 1:colcon.colcon_core.package_identification:_identify(src/nav_monitor) by extensions ['colcon_meta']
[0.210s] Level 1:colcon.colcon_core.package_identification:_identify(src/nav_monitor) by extension 'colcon_meta'
[0.210s] Level 1:colcon.colcon_core.package_identification:_identify(src/nav_monitor) by extensions ['ros']
[0.210s] Level 1:colcon.colcon_core.package_identification:_identify(src/nav_monitor) by extension 'ros'
[0.211s] DEBUG:colcon.colcon_core.package_identification:Package 'src/nav_monitor' with type 'ros.ament_python' and name 'nav_monitor'
[0.211s] Level 1:colcon.colcon_core.package_discovery:discover_packages(recursive) using defaults
[0.211s] Level 1:colcon.colcon_core.package_discovery:discover_packages(ignore) discover
[0.211s] Level 1:colcon.colcon_core.package_discovery:discover_packages(ignore) using defaults
[0.211s] Level 1:colcon.colcon_core.package_discovery:discover_packages(path) discover
[0.211s] Level 1:colcon.colcon_core.package_discovery:discover_packages(path) using defaults
[0.226s] Level 1:colcon.colcon_core.package_discovery:discover_packages(prefix_path) check parameters
[0.226s] Level 1:colcon.colcon_core.package_discovery:discover_packages(prefix_path) discover
[0.228s] DEBUG:colcon.colcon_installed_package_information.package_discovery:Found 2 installed packages in /home/taneesh/Nav2_Assessment_ws/install
[0.228s] DEBUG:colcon.colcon_installed_package_information.package_discovery:Found 2 installed packages in /home/taneesh/Humanoid_ws/install
[0.229s] DEBUG:colcon.colcon_installed_package_information.package_discovery:Found 488 installed packages in /opt/ros/jazzy
[0.231s] Level 1:colcon.colcon_core.package_discovery:discover_packages(prefix_path) using defaults
[0.273s] Level 5:colcon.colcon_core.verb:set package 'assessment_launch' build argument 'cmake_args' from command line to 'None'
[0.273s] Level 5:colcon.colcon_core.verb:set package 'assessment_launch' build argument 'cmake_target' from command line to 'None'
[0.273s] Level 5:colcon.colcon_core.verb:set package 'assessment_launch' build argument 'cmake_target_skip_unavailable' from command line to 'False'
[0.273s] Level 5:colcon.colcon_core.verb:set package 'assessment_launch' build argument 'cmake_clean_cache' from command line to 'False'
[0.273s] Level 5:colcon.colcon_core.verb:set package 'assessment_launch' build argument 'cmake_clean_first' from command line to 'False'
[0.273s] Level 5:colcon.colcon_core.verb:set package 'assessment_launch' build argument 'cmake_force_configure' from command line to 'False'
[0.273s] Level 5:colcon.colcon_core.verb:set package 'assessment_launch' build argument 'ament_cmake_args' from command line to 'None'
[0.273s] Level 5:colcon.colcon_core.verb:set package 'assessment_launch' build argument 'catkin_cmake_args' from command line to 'None'
[0.273s] Level 5:colcon.colcon_core.verb:set package 'assessment_launch' build argument 'catkin_skip_building_tests' from command line to 'False'
[0.273s] DEBUG:colcon.colcon_core.verb:Building package 'assessment_launch' with the following arguments: {'ament_cmake_args': None, 'build_base': '/home/taneesh/Nav2_Assessment_ws/build/assessment_launch', 'catkin_cmake_args': None, 'catkin_skip_building_tests': False, 'cmake_args': None, 'cmake_clean_cache': False, 'cmake_clean_first': False, 'cmake_force_configure': False, 'cmake_target': None, 'cmake_target_skip_unavailable': False, 'install_base': '/home/taneesh/Nav2_Assessment_ws/install/assessment_launch', 'merge_install': False, 'path': '/home/taneesh/Nav2_Assessment_ws/src/assessment_launch', 'symlink_install': True, 'test_result_base': None}
[0.274s] Level 5:colcon.colcon_core.verb:set package 'nav_monitor' build argument 'cmake_args' from command line to 'None'
[0.274s] Level 5:colcon.colcon_core.verb:set package 'nav_monitor' build argument 'cmake_target' from command line to 'None'
[0.274s] Level 5:colcon.colcon_core.verb:set package 'nav_monitor' build argument 'cmake_target_skip_unavailable' from command line to 'False'
[0.274s] Level 5:colcon.colcon_core.verb:set package 'nav_monitor' build argument 'cmake_clean_cache' from command line to 'False'
[0.274s] Level 5:colcon.colcon_core.verb:set package 'nav_monitor' build argument 'cmake_clean_first' from command line to 'False'
[0.274s] Level 5:colcon.colcon_core.verb:set package 'nav_monitor' build argument 'cmake_force_configure' from command line to 'False'
[0.274s] Level 5:colcon.colcon_core.verb:set package 'nav_monitor' build argument 'ament_cmake_args' from command line to 'None'
[0.274s] Level 5:colcon.colcon_core.verb:set package 'nav_monitor' build argument 'catkin_cmake_args' from command line to 'None'
[0.274s] Level 5:colcon.colcon_core.verb:set package 'nav_monitor' build argument 'catkin_skip_building_tests' from command line to 'False'
[0.274s] DEBUG:colcon.colcon_core.verb:Building package 'nav_monitor' with the following arguments: {'ament_cmake_args': None, 'build_base': '/home/taneesh/Nav2_Assessment_ws/build/nav_monitor', 'catkin_cmake_args': None, 'catkin_skip_building_tests': False, 'cmake_args': None, 'cmake_clean_cache': False, 'cmake_clean_first': False, 'cmake_force_configure': False, 'cmake_target': None, 'cmake_target_skip_unavailable': False, 'install_base': '/home/taneesh/Nav2_Assessment_ws/install/nav_monitor', 'merge_install': False, 'path': '/home/taneesh/Nav2_Assessment_ws/src/nav_monitor', 'symlink_install': True, 'test_result_base': None}
[0.274s] INFO:colcon.colcon_core.executor:Executing jobs using 'parallel' executor
[0.275s] DEBUG:colcon.colcon_parallel_executor.executor.parallel:run_until_complete
[0.275s] INFO:colcon.colcon_ros.task.ament_python.build:Building ROS package in '/home/taneesh/Nav2_Assessment_ws/src/assessment_launch' with build type 'ament_python'
[0.275s] Level 1:colcon.colcon_core.shell:create_environment_hook('assessment_launch', 'ament_prefix_path')
[0.277s] INFO:colcon.colcon_core.plugin_system:Skipping extension 'colcon_core.shell.bat': Not used on non-Windows systems
[0.278s] INFO:colcon.colcon_core.shell:Creating environment hook '/home/taneesh/Nav2_Assessment_ws/install/assessment_launch/share/assessment_launch/hook/ament_prefix_path.ps1'
[0.278s] INFO:colcon.colcon_core.shell:Creating environment descriptor '/home/taneesh/Nav2_Assessment_ws/install/assessment_launch/share/assessment_launch/hook/ament_prefix_path.dsv'
[0.279s] INFO:colcon.colcon_core.shell:Creating environment hook '/home/taneesh/Nav2_Assessment_ws/install/assessment_launch/share/assessment_launch/hook/ament_prefix_path.sh'
[0.279s] INFO:colcon.colcon_core.shell:Skip shell extension 'powershell' for command environment: Not usable outside of PowerShell
[0.279s] DEBUG:colcon.colcon_core.shell:Skip shell extension 'dsv' for command environment
[0.282s] INFO:colcon.colcon_ros.task.ament_python.build:Building ROS package in '/home/taneesh/Nav2_Assessment_ws/src/nav_monitor' with build type 'ament_python'
[0.283s] Level 1:colcon.colcon_core.shell:create_environment_hook('nav_monitor', 'ament_prefix_path')
[0.283s] INFO:colcon.colcon_core.shell:Creating environment hook '/home/taneesh/Nav2_Assessment_ws/install/nav_monitor/share/nav_monitor/hook/ament_prefix_path.ps1'
[0.284s] INFO:colcon.colcon_core.shell:Creating environment descriptor '/home/taneesh/Nav2_Assessment_ws/install/nav_monitor/share/nav_monitor/hook/ament_prefix_path.dsv'
[0.284s] INFO:colcon.colcon_core.shell:Creating environment hook '/home/taneesh/Nav2_Assessment_ws/install/nav_monitor/share/nav_monitor/hook/ament_prefix_path.sh'
[0.284s] INFO:colcon.colcon_core.shell:Skip shell extension 'powershell' for command environment: Not usable outside of PowerShell
[0.284s] DEBUG:colcon.colcon_core.shell:Skip shell extension 'dsv' for command environment
[0.469s] INFO:colcon.colcon_core.task.python.build:Building Python package in '/home/taneesh/Nav2_Assessment_ws/src/assessment_launch'
[0.469s] INFO:colcon.colcon_core.shell:Skip shell extension 'powershell' for command environment: Not usable outside of PowerShell
[0.469s] DEBUG:colcon.colcon_core.shell:Skip shell extension 'dsv' for command environment
[0.647s] INFO:colcon.colcon_core.task.python.build:Building Python package in '/home/taneesh/Nav2_Assessment_ws/src/nav_monitor'
[0.647s] INFO:colcon.colcon_core.shell:Skip shell extension 'powershell' for command environment: Not usable outside of PowerShell
[0.647s] DEBUG:colcon.colcon_core.shell:Skip shell extension 'dsv' for command environment
[1.205s] DEBUG:colcon.colcon_core.event_handler.log_command:Invoking command in '/home/taneesh/Nav2_Assessment_ws/build/nav_monitor': DEBUGINFOD_URLS=https://debuginfod.ubuntu.com PYTHONPATH=/home/taneesh/Nav2_Assessment_ws/build/nav_monitor/prefix_override:/usr/lib/python3/dist-packages/colcon_core/task/python/colcon_distutils_commands:/home/taneesh/Nav2_Assessment_ws/install/nav_monitor/lib/python3.12/site-packages:${PYTHONPATH} /usr/bin/python3 -W ignore:setup.py install is deprecated -W ignore:easy_install command is deprecated setup.py develop --editable --build-directory /home/taneesh/Nav2_Assessment_ws/build/nav_monitor/build --no-deps symlink_data
[1.209s] DEBUG:colcon.colcon_core.event_handler.log_command:Invoking command in '/home/taneesh/Nav2_Assessment_ws/build/assessment_launch': DEBUGINFOD_URLS=https://debuginfod.ubuntu.com PYTHONPATH=/home/taneesh/Nav2_Assessment_ws/build/assessment_launch/prefix_override:/usr/lib/python3/dist-packages/colcon_core/task/python/colcon_distutils_commands:/home/taneesh/Nav2_Assessment_ws/install/assessment_launch/lib/python3.12/site-packages:${PYTHONPATH} /usr/bin/python3 -W ignore:setup.py install is deprecated -W ignore:easy_install command is deprecated setup.py develop --editable --build-directory /home/taneesh/Nav2_Assessment_ws/build/assessment_launch/build --no-deps symlink_data
[1.731s] Level 1:colcon.colcon_core.shell:create_environment_hook('assessment_launch', 'pythonpath_develop')
[1.731s] INFO:colcon.colcon_core.shell:Creating environment hook '/home/taneesh/Nav2_Assessment_ws/build/assessment_launch/share/assessment_launch/hook/pythonpath_develop.ps1'
[1.731s] DEBUG:colcon.colcon_core.event_handler.log_command:Invoked command in '/home/taneesh/Nav2_Assessment_ws/build/assessment_launch' returned '0': DEBUGINFOD_URLS=https://debuginfod.ubuntu.com PYTHONPATH=/home/taneesh/Nav2_Assessment_ws/build/assessment_launch/prefix_override:/usr/lib/python3/dist-packages/colcon_core/task/python/colcon_distutils_commands:/home/taneesh/Nav2_Assessment_ws/install/assessment_launch/lib/python3.12/site-packages:${PYTHONPATH} /usr/bin/python3 -W ignore:setup.py install is deprecated -W ignore:easy_install command is deprecated setup.py develop --editable --build-directory /home/taneesh/Nav2_Assessment_ws/build/assessment_launch/build --no-deps symlink_data
[1.732s] INFO:colcon.colcon_core.shell:Creating environment descriptor '/home/taneesh/Nav2_Assessment_ws/build/assessment_launch/share/assessment_launch/hook/pythonpath_develop.dsv'
[1.732s] INFO:colcon.colcon_core.shell:Creating environment hook '/home/taneesh/Nav2_Assessment_ws/build/assessment_launch/share/assessment_launch/hook/pythonpath_develop.sh'
[1.734s] Level 1:colcon.colcon_core.environment:checking '/home/taneesh/Nav2_Assessment_ws/install/assessment_launch' for CMake module files
[1.745s] Level 1:colcon.colcon_core.environment:checking '/home/taneesh/Nav2_Assessment_ws/install/assessment_launch' for CMake config files
[1.745s] Level 1:colcon.colcon_core.environment:checking '/home/taneesh/Nav2_Assessment_ws/install/assessment_launch/lib'
[1.745s] Level 1:colcon.colcon_core.environment:checking '/home/taneesh/Nav2_Assessment_ws/install/assessment_launch/bin'
[1.745s] Level 1:colcon.colcon_core.environment:checking '/home/taneesh/Nav2_Assessment_ws/install/assessment_launch/lib/pkgconfig/assessment_launch.pc'
[1.745s] Level 1:colcon.colcon_core.environment:checking '/home/taneesh/Nav2_Assessment_ws/install/assessment_launch/lib/python3.12/site-packages'
[1.746s] Level 1:colcon.colcon_core.shell:create_environment_hook('assessment_launch', 'pythonpath')
[1.746s] INFO:colcon.colcon_core.shell:Creating environment hook '/home/taneesh/Nav2_Assessment_ws/install/assessment_launch/share/assessment_launch/hook/pythonpath.ps1'
[1.746s] INFO:colcon.colcon_core.shell:Creating environment descriptor '/home/taneesh/Nav2_Assessment_ws/install/assessment_launch/share/assessment_launch/hook/pythonpath.dsv'
[1.746s] INFO:colcon.colcon_core.shell:Creating environment hook '/home/taneesh/Nav2_Assessment_ws/install/assessment_launch/share/assessment_launch/hook/pythonpath.sh'
[1.747s] Level 1:colcon.colcon_core.environment:checking '/home/taneesh/Nav2_Assessment_ws/install/assessment_launch/bin'
[1.747s] Level 1:colcon.colcon_core.environment:create_environment_scripts_only(assessment_launch)
[1.747s] INFO:colcon.colcon_core.shell:Creating package script '/home/taneesh/Nav2_Assessment_ws/install/assessment_launch/share/assessment_launch/package.ps1'
[1.748s] INFO:colcon.colcon_core.shell:Creating package descriptor '/home/taneesh/Nav2_Assessment_ws/install/assessment_launch/share/assessment_launch/package.dsv'
[1.749s] INFO:colcon.colcon_core.shell:Creating package script '/home/taneesh/Nav2_Assessment_ws/install/assessment_launch/share/assessment_launch/package.sh'
[1.749s] INFO:colcon.colcon_core.shell:Creating package script '/home/taneesh/Nav2_Assessment_ws/install/assessment_launch/share/assessment_launch/package.bash'
[1.750s] INFO:colcon.colcon_core.shell:Creating package script '/home/taneesh/Nav2_Assessment_ws/install/assessment_launch/share/assessment_launch/package.zsh'
[1.750s] Level 1:colcon.colcon_core.environment:create_file_with_runtime_dependencies(/home/taneesh/Nav2_Assessment_ws/install/assessment_launch/share/colcon-core/packages/assessment_launch)
[1.751s] Level 1:colcon.colcon_core.shell:create_environment_hook('nav_monitor', 'pythonpath_develop')
[1.751s] INFO:colcon.colcon_core.shell:Creating environment hook '/home/taneesh/Nav2_Assessment_ws/build/nav_monitor/share/nav_monitor/hook/pythonpath_develop.ps1'
[1.752s] DEBUG:colcon.colcon_core.event_handler.log_command:Invoked command in '/home/taneesh/Nav2_Assessment_ws/build/nav_monitor' returned '0': DEBUGINFOD_URLS=https://debuginfod.ubuntu.com PYTHONPATH=/home/taneesh/Nav2_Assessment_ws/build/nav_monitor/prefix_override:/usr/lib/python3/dist-packages/colcon_core/task/python/colcon_distutils_commands:/home/taneesh/Nav2_Assessment_ws/install/nav_monitor/lib/python3.12/site-packages:${PYTHONPATH} /usr/bin/python3 -W ignore:setup.py install is deprecated -W ignore:easy_install command is deprecated setup.py develop --editable --build-directory /home/taneesh/Nav2_Assessment_ws/build/nav_monitor/build --no-deps symlink_data
[1.752s] INFO:colcon.colcon_core.shell:Creating environment descriptor '/home/taneesh/Nav2_Assessment_ws/build/nav_monitor/share/nav_monitor/hook/pythonpath_develop.dsv'
[1.752s] INFO:colcon.colcon_core.shell:Creating environment hook '/home/taneesh/Nav2_Assessment_ws/build/nav_monitor/share/nav_monitor/hook/pythonpath_develop.sh'
[1.753s] Level 1:colcon.colcon_core.environment:checking '/home/taneesh/Nav2_Assessment_ws/install/nav_monitor' for CMake module files
[1.753s] Level 1:colcon.colcon_core.environment:checking '/home/taneesh/Nav2_Assessment_ws/install/nav_monitor' for CMake config files
[1.753s] Level 1:colcon.colcon_core.environment:checking '/home/taneesh/Nav2_Assessment_ws/install/nav_monitor/lib'
[1.753s] Level 1:colcon.colcon_core.environment:checking '/home/taneesh/Nav2_Assessment_ws/install/nav_monitor/bin'
[1.753s] Level 1:colcon.colcon_core.environment:checking '/home/taneesh/Nav2_Assessment_ws/install/nav_monitor/lib/pkgconfig/nav_monitor.pc'
[1.754s] Level 1:colcon.colcon_core.environment:checking '/home/taneesh/Nav2_Assessment_ws/install/nav_monitor/lib/python3.12/site-packages'
[1.754s] Level 1:colcon.colcon_core.shell:create_environment_hook('nav_monitor', 'pythonpath')
[1.754s] INFO:colcon.colcon_core.shell:Creating environment hook '/home/taneesh/Nav2_Assessment_ws/install/nav_monitor/share/nav_monitor/hook/pythonpath.ps1'
[1.754s] INFO:colcon.colcon_core.shell:Creating environment descriptor '/home/taneesh/Nav2_Assessment_ws/install/nav_monitor/share/nav_monitor/hook/pythonpath.dsv'
[1.755s] INFO:colcon.colcon_core.shell:Creating environment hook '/home/taneesh/Nav2_Assessment_ws/install/nav_monitor/share/nav_monitor/hook/pythonpath.sh'
[1.755s] Level 1:colcon.colcon_core.environment:checking '/home/taneesh/Nav2_Assessment_ws/install/nav_monitor/bin'
[1.756s] Level 1:colcon.colcon_core.environment:create_environment_scripts_only(nav_monitor)
[1.756s] INFO:colcon.colcon_core.shell:Creating package script '/home/taneesh/Nav2_Assessment_ws/install/nav_monitor/share/nav_monitor/package.ps1'
[1.756s] INFO:colcon.colcon_core.shell:Creating package descriptor '/home/taneesh/Nav2_Assessment_ws/install/nav_monitor/share/nav_monitor/package.dsv'
[1.757s] INFO:colcon.colcon_core.shell:Creating package script '/home/taneesh/Nav2_Assessment_ws/install/nav_monitor/share/nav_monitor/package.sh'
[1.757s] INFO:colcon.colcon_core.shell:Creating package script '/home/taneesh/Nav2_Assessment_ws/install/nav_monitor/share/nav_monitor/package.bash'
[1.757s] INFO:colcon.colcon_core.shell:Creating package script '/home/taneesh/Nav2_Assessment_ws/install/nav_monitor/share/nav_monitor/package.zsh'
[1.757s] Level 1:colcon.colcon_core.environment:create_file_with_runtime_dependencies(/home/taneesh/Nav2_Assessment_ws/install/nav_monitor/share/colcon-core/packages/nav_monitor)
[1.758s] DEBUG:colcon.colcon_parallel_executor.executor.parallel:closing loop
[1.758s] DEBUG:colcon.colcon_parallel_executor.executor.parallel:loop closed
[1.759s] DEBUG:colcon.colcon_parallel_executor.executor.parallel:run_until_complete finished with '0'
[1.759s] DEBUG:colcon.colcon_core.event_reactor:joining thread
[1.763s] INFO:colcon.colcon_core.plugin_system:Skipping extension 'colcon_notification.desktop_notification.terminal_notifier': Not used on non-Darwin systems
[1.763s] INFO:colcon.colcon_core.plugin_system:Skipping extension 'colcon_notification.desktop_notification.win32': Not used on non-Windows systems
[1.764s] INFO:colcon.colcon_notification.desktop_notification:Sending desktop notification using 'notify2'
[1.765s] DEBUG:colcon.colcon_notification.desktop_notification.notify2:Failed to initialize notify2: org.freedesktop.DBus.Error.ServiceUnknown: The name org.freedesktop.Notifications was not provided by any .service files
[1.765s] DEBUG:colcon.colcon_core.event_reactor:joined thread
[1.765s] INFO:colcon.colcon_core.shell:Creating prefix script '/home/taneesh/Nav2_Assessment_ws/install/local_setup.ps1'
[1.766s] INFO:colcon.colcon_core.shell:Creating prefix util module '/home/taneesh/Nav2_Assessment_ws/install/_local_setup_util_ps1.py'
[1.767s] INFO:colcon.colcon_core.shell:Creating prefix chain script '/home/taneesh/Nav2_Assessment_ws/install/setup.ps1'
[1.768s] INFO:colcon.colcon_core.shell:Creating prefix script '/home/taneesh/Nav2_Assessment_ws/install/local_setup.sh'
[1.768s] INFO:colcon.colcon_core.shell:Creating prefix util module '/home/taneesh/Nav2_Assessment_ws/install/_local_setup_util_sh.py'
[1.769s] INFO:colcon.colcon_core.shell:Creating prefix chain script '/home/taneesh/Nav2_Assessment_ws/install/setup.sh'
[1.770s] INFO:colcon.colcon_core.shell:Creating prefix script '/home/taneesh/Nav2_Assessment_ws/install/local_setup.bash'
[1.770s] INFO:colcon.colcon_core.shell:Creating prefix chain script '/home/taneesh/Nav2_Assessment_ws/install/setup.bash'
[1.771s] INFO:colcon.colcon_core.shell:Creating prefix script '/home/taneesh/Nav2_Assessment_ws/install/local_setup.zsh'
[1.771s] INFO:colcon.colcon_core.shell:Creating prefix chain script '/home/taneesh/Nav2_Assessment_ws/install/setup.zsh'
