[0.986s] Invoking command in '/home/taneesh/Nav2_Assessment_ws/build/nav_monitor': DEBUGINFOD_URLS=https://debuginfod.ubuntu.com PYTHONPATH=/home/taneesh/Nav2_Assessment_ws/build/nav_monitor/prefix_override:/usr/lib/python3/dist-packages/colcon_core/task/python/colcon_distutils_commands:/home/taneesh/Nav2_Assessment_ws/install/nav_monitor/lib/python3.12/site-packages:${PYTHONPATH} /usr/bin/python3 -W ignore:setup.py install is deprecated -W ignore:easy_install command is deprecated setup.py develop --editable --build-directory /home/taneesh/Nav2_Assessment_ws/build/nav_monitor/build --no-deps symlink_data
[1.221s] running develop
[1.364s] running egg_info
[1.364s] creating nav_monitor.egg-info
[1.379s] writing nav_monitor.egg-info/PKG-INFO
[1.379s] writing dependency_links to nav_monitor.egg-info/dependency_links.txt
[1.379s] writing requirements to nav_monitor.egg-info/requires.txt
[1.380s] writing top-level names to nav_monitor.egg-info/top_level.txt
[1.380s] writing manifest file 'nav_monitor.egg-info/SOURCES.txt'
[1.410s] reading manifest file 'nav_monitor.egg-info/SOURCES.txt'
[1.410s] writing manifest file 'nav_monitor.egg-info/SOURCES.txt'
[1.424s] running build_ext
[1.424s] Creating /home/taneesh/Nav2_Assessment_ws/install/nav_monitor/lib/python3.12/site-packages/nav-monitor.egg-link (link to .)
[1.425s] 
[1.425s] Installed /home/taneesh/Nav2_Assessment_ws/build/nav_monitor
[1.425s] running symlink_data
[1.426s] creating /home/taneesh/Nav2_Assessment_ws/install/nav_monitor/share/ament_index
[1.426s] creating /home/taneesh/Nav2_Assessment_ws/install/nav_monitor/share/ament_index/resource_index
[1.426s] creating /home/taneesh/Nav2_Assessment_ws/install/nav_monitor/share/ament_index/resource_index/packages
[1.426s] symbolically linking /home/taneesh/Nav2_Assessment_ws/build/nav_monitor/resource/nav_monitor -> /home/taneesh/Nav2_Assessment_ws/install/nav_monitor/share/ament_index/resource_index/packages
[1.426s] symbolically linking /home/taneesh/Nav2_Assessment_ws/build/nav_monitor/package.xml -> /home/taneesh/Nav2_Assessment_ws/install/nav_monitor/share/nav_monitor
[1.478s] Invoked command in '/home/taneesh/Nav2_Assessment_ws/build/nav_monitor' returned '0': DEBUGINFOD_URLS=https://debuginfod.ubuntu.com PYTHONPATH=/home/taneesh/Nav2_Assessment_ws/build/nav_monitor/prefix_override:/usr/lib/python3/dist-packages/colcon_core/task/python/colcon_distutils_commands:/home/taneesh/Nav2_Assessment_ws/install/nav_monitor/lib/python3.12/site-packages:${PYTHONPATH} /usr/bin/python3 -W ignore:setup.py install is deprecated -W ignore:easy_install command is deprecated setup.py develop --editable --build-directory /home/taneesh/Nav2_Assessment_ws/build/nav_monitor/build --no-deps symlink_data
