[0.246s] DEBUG:colcon:Command line arguments: ['/usr/bin/colcon', 'build', '--symlink-install']
[0.246s] DEBUG:colcon:Parsed command line arguments: Namespace(log_base=None, log_level=None, verb_name='build', build_base='build', install_base='install', merge_install=False, symlink_install=True, test_result_base=None, continue_on_error=False, executor='parallel', parallel_workers=12, event_handlers=None, ignore_user_meta=False, metas=['./colcon.meta'], base_paths=['.'], packages_ignore=None, packages_ignore_regex=None, paths=None, packages_up_to=None, packages_up_to_regex=None, packages_above=None, packages_above_and_dependencies=None, packages_above_depth=None, packages_select_by_dep=None, packages_skip_by_dep=None, packages_skip_up_to=None, packages_select_build_failed=False, packages_skip_build_finished=False, packages_select_test_failures=False, packages_skip_test_passed=False, packages_select=None, packages_skip=None, packages_select_regex=None, packages_skip_regex=None, packages_start=None, packages_end=None, allow_overriding=[], cmake_args=None, cmake_target=None, cmake_target_skip_unavailable=False, cmake_clean_cache=False, cmake_clean_first=False, cmake_force_configure=False, ament_cmake_args=None, catkin_cmake_args=None, catkin_skip_building_tests=False, mixin_files=None, mixin=None, verb_parser=<colcon_mixin.mixin.mixin_argument.MixinArgumentDecorator object at 0x79eae8c98bf0>, verb_extension=<colcon_core.verb.build.BuildVerb object at 0x79eae9816d80>, main=<bound method BuildVerb.main of <colcon_core.verb.build.BuildVerb object at 0x79eae9816d80>>, mixin_verb=('build',))
[0.289s] Level 1:colcon.colcon_core.package_discovery:discover_packages(colcon_meta) check parameters
[0.289s] Level 1:colcon.colcon_core.package_discovery:discover_packages(recursive) check parameters
[0.289s] Level 1:colcon.colcon_core.package_discovery:discover_packages(ignore) check parameters
[0.289s] Level 1:colcon.colcon_core.package_discovery:discover_packages(path) check parameters
[0.289s] Level 1:colcon.colcon_core.package_discovery:discover_packages(colcon_meta) discover
[0.289s] Level 1:colcon.colcon_core.package_discovery:discover_packages(recursive) discover
[0.289s] INFO:colcon.colcon_core.package_discovery:Crawling recursively for packages in '/home/taneesh/Nav2_Assessment_ws'
[0.289s] Level 1:colcon.colcon_core.package_identification:_identify(.) by extensions ['ignore', 'ignore_ament_install']
[0.289s] Level 1:colcon.colcon_core.package_identification:_identify(.) by extension 'ignore'
[0.289s] Level 1:colcon.colcon_core.package_identification:_identify(.) by extension 'ignore_ament_install'
[0.290s] Level 1:colcon.colcon_core.package_identification:_identify(.) by extensions ['colcon_pkg']
[0.290s] Level 1:colcon.colcon_core.package_identification:_identify(.) by extension 'colcon_pkg'
[0.290s] Level 1:colcon.colcon_core.package_identification:_identify(.) by extensions ['colcon_meta']
[0.290s] Level 1:colcon.colcon_core.package_identification:_identify(.) by extension 'colcon_meta'
[0.290s] Level 1:colcon.colcon_core.package_identification:_identify(.) by extensions ['ros']
[0.290s] Level 1:colcon.colcon_core.package_identification:_identify(.) by extension 'ros'
[0.324s] Level 1:colcon.colcon_core.package_identification:_identify(.) by extensions ['cmake', 'python']
[0.325s] Level 1:colcon.colcon_core.package_identification:_identify(.) by extension 'cmake'
[0.325s] Level 1:colcon.colcon_core.package_identification:_identify(.) by extension 'python'
[0.325s] Level 1:colcon.colcon_core.package_identification:_identify(.) by extensions ['python_setup_py']
[0.325s] Level 1:colcon.colcon_core.package_identification:_identify(.) by extension 'python_setup_py'
[0.325s] Level 1:colcon.colcon_core.package_identification:_identify(build) by extensions ['ignore', 'ignore_ament_install']
[0.325s] Level 1:colcon.colcon_core.package_identification:_identify(build) by extension 'ignore'
[0.325s] Level 1:colcon.colcon_core.package_identification:_identify(build) ignored
[0.325s] Level 1:colcon.colcon_core.package_identification:_identify(install) by extensions ['ignore', 'ignore_ament_install']
[0.325s] Level 1:colcon.colcon_core.package_identification:_identify(install) by extension 'ignore'
[0.325s] Level 1:colcon.colcon_core.package_identification:_identify(install) ignored
[0.325s] Level 1:colcon.colcon_core.package_identification:_identify(log) by extensions ['ignore', 'ignore_ament_install']
[0.326s] Level 1:colcon.colcon_core.package_identification:_identify(log) by extension 'ignore'
[0.326s] Level 1:colcon.colcon_core.package_identification:_identify(log) ignored
[0.326s] Level 1:colcon.colcon_core.package_identification:_identify(src) by extensions ['ignore', 'ignore_ament_install']
[0.326s] Level 1:colcon.colcon_core.package_identification:_identify(src) by extension 'ignore'
[0.326s] Level 1:colcon.colcon_core.package_identification:_identify(src) by extension 'ignore_ament_install'
[0.326s] Level 1:colcon.colcon_core.package_identification:_identify(src) by extensions ['colcon_pkg']
[0.326s] Level 1:colcon.colcon_core.package_identification:_identify(src) by extension 'colcon_pkg'
[0.326s] Level 1:colcon.colcon_core.package_identification:_identify(src) by extensions ['colcon_meta']
[0.326s] Level 1:colcon.colcon_core.package_identification:_identify(src) by extension 'colcon_meta'
[0.326s] Level 1:colcon.colcon_core.package_identification:_identify(src) by extensions ['ros']
[0.326s] Level 1:colcon.colcon_core.package_identification:_identify(src) by extension 'ros'
[0.326s] Level 1:colcon.colcon_core.package_identification:_identify(src) by extensions ['cmake', 'python']
[0.326s] Level 1:colcon.colcon_core.package_identification:_identify(src) by extension 'cmake'
[0.326s] Level 1:colcon.colcon_core.package_identification:_identify(src) by extension 'python'
[0.326s] Level 1:colcon.colcon_core.package_identification:_identify(src) by extensions ['python_setup_py']
[0.326s] Level 1:colcon.colcon_core.package_identification:_identify(src) by extension 'python_setup_py'
[0.326s] Level 1:colcon.colcon_core.package_identification:_identify(src/assessment_launch) by extensions ['ignore', 'ignore_ament_install']
[0.326s] Level 1:colcon.colcon_core.package_identification:_identify(src/assessment_launch) by extension 'ignore'
[0.326s] Level 1:colcon.colcon_core.package_identification:_identify(src/assessment_launch) by extension 'ignore_ament_install'
[0.326s] Level 1:colcon.colcon_core.package_identification:_identify(src/assessment_launch) by extensions ['colcon_pkg']
[0.326s] Level 1:colcon.colcon_core.package_identification:_identify(src/assessment_launch) by extension 'colcon_pkg'
[0.326s] Level 1:colcon.colcon_core.package_identification:_identify(src/assessment_launch) by extensions ['colcon_meta']
[0.326s] Level 1:colcon.colcon_core.package_identification:_identify(src/assessment_launch) by extension 'colcon_meta'
[0.326s] Level 1:colcon.colcon_core.package_identification:_identify(src/assessment_launch) by extensions ['ros']
[0.326s] Level 1:colcon.colcon_core.package_identification:_identify(src/assessment_launch) by extension 'ros'
[0.330s] DEBUG:colcon.colcon_core.package_identification:Package 'src/assessment_launch' with type 'ros.ament_python' and name 'assessment_launch'
[0.331s] Level 1:colcon.colcon_core.package_identification:_identify(src/nav_monitor) by extensions ['ignore', 'ignore_ament_install']
[0.331s] Level 1:colcon.colcon_core.package_identification:_identify(src/nav_monitor) by extension 'ignore'
[0.331s] Level 1:colcon.colcon_core.package_identification:_identify(src/nav_monitor) by extension 'ignore_ament_install'
[0.331s] Level 1:colcon.colcon_core.package_identification:_identify(src/nav_monitor) by extensions ['colcon_pkg']
[0.331s] Level 1:colcon.colcon_core.package_identification:_identify(src/nav_monitor) by extension 'colcon_pkg'
[0.331s] Level 1:colcon.colcon_core.package_identification:_identify(src/nav_monitor) by extensions ['colcon_meta']
[0.331s] Level 1:colcon.colcon_core.package_identification:_identify(src/nav_monitor) by extension 'colcon_meta'
[0.331s] Level 1:colcon.colcon_core.package_identification:_identify(src/nav_monitor) by extensions ['ros']
[0.331s] Level 1:colcon.colcon_core.package_identification:_identify(src/nav_monitor) by extension 'ros'
[0.331s] DEBUG:colcon.colcon_core.package_identification:Package 'src/nav_monitor' with type 'ros.ament_python' and name 'nav_monitor'
[0.332s] Level 1:colcon.colcon_core.package_discovery:discover_packages(recursive) using defaults
[0.332s] Level 1:colcon.colcon_core.package_discovery:discover_packages(ignore) discover
[0.332s] Level 1:colcon.colcon_core.package_discovery:discover_packages(ignore) using defaults
[0.332s] Level 1:colcon.colcon_core.package_discovery:discover_packages(path) discover
[0.332s] Level 1:colcon.colcon_core.package_discovery:discover_packages(path) using defaults
[0.359s] Level 1:colcon.colcon_core.package_discovery:discover_packages(prefix_path) check parameters
[0.359s] Level 1:colcon.colcon_core.package_discovery:discover_packages(prefix_path) discover
[0.364s] DEBUG:colcon.colcon_installed_package_information.package_discovery:Found 2 installed packages in /home/taneesh/Humanoid_ws/install
[0.366s] DEBUG:colcon.colcon_installed_package_information.package_discovery:Found 488 installed packages in /opt/ros/jazzy
[0.367s] Level 1:colcon.colcon_core.package_discovery:discover_packages(prefix_path) using defaults
[0.413s] Level 5:colcon.colcon_core.verb:set package 'assessment_launch' build argument 'cmake_args' from command line to 'None'
[0.413s] Level 5:colcon.colcon_core.verb:set package 'assessment_launch' build argument 'cmake_target' from command line to 'None'
[0.414s] Level 5:colcon.colcon_core.verb:set package 'assessment_launch' build argument 'cmake_target_skip_unavailable' from command line to 'False'
[0.414s] Level 5:colcon.colcon_core.verb:set package 'assessment_launch' build argument 'cmake_clean_cache' from command line to 'False'
[0.414s] Level 5:colcon.colcon_core.verb:set package 'assessment_launch' build argument 'cmake_clean_first' from command line to 'False'
[0.414s] Level 5:colcon.colcon_core.verb:set package 'assessment_launch' build argument 'cmake_force_configure' from command line to 'False'
[0.414s] Level 5:colcon.colcon_core.verb:set package 'assessment_launch' build argument 'ament_cmake_args' from command line to 'None'
[0.414s] Level 5:colcon.colcon_core.verb:set package 'assessment_launch' build argument 'catkin_cmake_args' from command line to 'None'
[0.414s] Level 5:colcon.colcon_core.verb:set package 'assessment_launch' build argument 'catkin_skip_building_tests' from command line to 'False'
[0.414s] DEBUG:colcon.colcon_core.verb:Building package 'assessment_launch' with the following arguments: {'ament_cmake_args': None, 'build_base': '/home/taneesh/Nav2_Assessment_ws/build/assessment_launch', 'catkin_cmake_args': None, 'catkin_skip_building_tests': False, 'cmake_args': None, 'cmake_clean_cache': False, 'cmake_clean_first': False, 'cmake_force_configure': False, 'cmake_target': None, 'cmake_target_skip_unavailable': False, 'install_base': '/home/taneesh/Nav2_Assessment_ws/install/assessment_launch', 'merge_install': False, 'path': '/home/taneesh/Nav2_Assessment_ws/src/assessment_launch', 'symlink_install': True, 'test_result_base': None}
[0.414s] Level 5:colcon.colcon_core.verb:set package 'nav_monitor' build argument 'cmake_args' from command line to 'None'
[0.414s] Level 5:colcon.colcon_core.verb:set package 'nav_monitor' build argument 'cmake_target' from command line to 'None'
[0.414s] Level 5:colcon.colcon_core.verb:set package 'nav_monitor' build argument 'cmake_target_skip_unavailable' from command line to 'False'
[0.414s] Level 5:colcon.colcon_core.verb:set package 'nav_monitor' build argument 'cmake_clean_cache' from command line to 'False'
[0.414s] Level 5:colcon.colcon_core.verb:set package 'nav_monitor' build argument 'cmake_clean_first' from command line to 'False'
[0.414s] Level 5:colcon.colcon_core.verb:set package 'nav_monitor' build argument 'cmake_force_configure' from command line to 'False'
[0.414s] Level 5:colcon.colcon_core.verb:set package 'nav_monitor' build argument 'ament_cmake_args' from command line to 'None'
[0.414s] Level 5:colcon.colcon_core.verb:set package 'nav_monitor' build argument 'catkin_cmake_args' from command line to 'None'
[0.414s] Level 5:colcon.colcon_core.verb:set package 'nav_monitor' build argument 'catkin_skip_building_tests' from command line to 'False'
[0.414s] DEBUG:colcon.colcon_core.verb:Building package 'nav_monitor' with the following arguments: {'ament_cmake_args': None, 'build_base': '/home/taneesh/Nav2_Assessment_ws/build/nav_monitor', 'catkin_cmake_args': None, 'catkin_skip_building_tests': False, 'cmake_args': None, 'cmake_clean_cache': False, 'cmake_clean_first': False, 'cmake_force_configure': False, 'cmake_target': None, 'cmake_target_skip_unavailable': False, 'install_base': '/home/taneesh/Nav2_Assessment_ws/install/nav_monitor', 'merge_install': False, 'path': '/home/taneesh/Nav2_Assessment_ws/src/nav_monitor', 'symlink_install': True, 'test_result_base': None}
[0.414s] INFO:colcon.colcon_core.executor:Executing jobs using 'parallel' executor
[0.415s] DEBUG:colcon.colcon_parallel_executor.executor.parallel:run_until_complete
[0.415s] INFO:colcon.colcon_ros.task.ament_python.build:Building ROS package in '/home/taneesh/Nav2_Assessment_ws/src/assessment_launch' with build type 'ament_python'
[0.415s] Level 1:colcon.colcon_core.shell:create_environment_hook('assessment_launch', 'ament_prefix_path')
[0.424s] INFO:colcon.colcon_core.plugin_system:Skipping extension 'colcon_core.shell.bat': Not used on non-Windows systems
[0.424s] INFO:colcon.colcon_core.shell:Creating environment hook '/home/taneesh/Nav2_Assessment_ws/install/assessment_launch/share/assessment_launch/hook/ament_prefix_path.ps1'
[0.426s] INFO:colcon.colcon_core.shell:Creating environment descriptor '/home/taneesh/Nav2_Assessment_ws/install/assessment_launch/share/assessment_launch/hook/ament_prefix_path.dsv'
[0.426s] INFO:colcon.colcon_core.shell:Creating environment hook '/home/taneesh/Nav2_Assessment_ws/install/assessment_launch/share/assessment_launch/hook/ament_prefix_path.sh'
[0.427s] INFO:colcon.colcon_core.shell:Skip shell extension 'powershell' for command environment: Not usable outside of PowerShell
[0.427s] DEBUG:colcon.colcon_core.shell:Skip shell extension 'dsv' for command environment
[0.430s] INFO:colcon.colcon_ros.task.ament_python.build:Building ROS package in '/home/taneesh/Nav2_Assessment_ws/src/nav_monitor' with build type 'ament_python'
[0.431s] Level 1:colcon.colcon_core.shell:create_environment_hook('nav_monitor', 'ament_prefix_path')
[0.431s] INFO:colcon.colcon_core.shell:Creating environment hook '/home/taneesh/Nav2_Assessment_ws/install/nav_monitor/share/nav_monitor/hook/ament_prefix_path.ps1'
[0.431s] INFO:colcon.colcon_core.shell:Creating environment descriptor '/home/taneesh/Nav2_Assessment_ws/install/nav_monitor/share/nav_monitor/hook/ament_prefix_path.dsv'
[0.432s] INFO:colcon.colcon_core.shell:Creating environment hook '/home/taneesh/Nav2_Assessment_ws/install/nav_monitor/share/nav_monitor/hook/ament_prefix_path.sh'
[0.432s] INFO:colcon.colcon_core.shell:Skip shell extension 'powershell' for command environment: Not usable outside of PowerShell
[0.432s] DEBUG:colcon.colcon_core.shell:Skip shell extension 'dsv' for command environment
[0.612s] INFO:colcon.colcon_core.task.python.build:Building Python package in '/home/taneesh/Nav2_Assessment_ws/src/assessment_launch'
[0.613s] INFO:colcon.colcon_core.shell:Skip shell extension 'powershell' for command environment: Not usable outside of PowerShell
[0.613s] DEBUG:colcon.colcon_core.shell:Skip shell extension 'dsv' for command environment
[0.772s] INFO:colcon.colcon_core.task.python.build:Building Python package in '/home/taneesh/Nav2_Assessment_ws/src/nav_monitor'
[0.773s] INFO:colcon.colcon_core.shell:Skip shell extension 'powershell' for command environment: Not usable outside of PowerShell
[0.773s] DEBUG:colcon.colcon_core.shell:Skip shell extension 'dsv' for command environment
[1.590s] DEBUG:colcon.colcon_core.event_handler.log_command:Invoking command in '/home/taneesh/Nav2_Assessment_ws/build/assessment_launch': DEBUGINFOD_URLS=https://debuginfod.ubuntu.com PYTHONPATH=/home/taneesh/Nav2_Assessment_ws/build/assessment_launch/prefix_override:/usr/lib/python3/dist-packages/colcon_core/task/python/colcon_distutils_commands:/home/taneesh/Nav2_Assessment_ws/install/assessment_launch/lib/python3.12/site-packages:${PYTHONPATH} /usr/bin/python3 -W ignore:setup.py install is deprecated -W ignore:easy_install command is deprecated setup.py develop --editable --build-directory /home/taneesh/Nav2_Assessment_ws/build/assessment_launch/build --no-deps symlink_data
[1.592s] DEBUG:colcon.colcon_core.event_handler.log_command:Invoking command in '/home/taneesh/Nav2_Assessment_ws/build/nav_monitor': DEBUGINFOD_URLS=https://debuginfod.ubuntu.com PYTHONPATH=/home/taneesh/Nav2_Assessment_ws/build/nav_monitor/prefix_override:/usr/lib/python3/dist-packages/colcon_core/task/python/colcon_distutils_commands:/home/taneesh/Nav2_Assessment_ws/install/nav_monitor/lib/python3.12/site-packages:${PYTHONPATH} /usr/bin/python3 -W ignore:setup.py install is deprecated -W ignore:easy_install command is deprecated setup.py develop --editable --build-directory /home/taneesh/Nav2_Assessment_ws/build/nav_monitor/build --no-deps symlink_data
[2.116s] Level 1:colcon.colcon_core.shell:create_environment_hook('assessment_launch', 'pythonpath_develop')
[2.117s] DEBUG:colcon.colcon_core.event_handler.log_command:Invoked command in '/home/taneesh/Nav2_Assessment_ws/build/assessment_launch' returned '0': DEBUGINFOD_URLS=https://debuginfod.ubuntu.com PYTHONPATH=/home/taneesh/Nav2_Assessment_ws/build/assessment_launch/prefix_override:/usr/lib/python3/dist-packages/colcon_core/task/python/colcon_distutils_commands:/home/taneesh/Nav2_Assessment_ws/install/assessment_launch/lib/python3.12/site-packages:${PYTHONPATH} /usr/bin/python3 -W ignore:setup.py install is deprecated -W ignore:easy_install command is deprecated setup.py develop --editable --build-directory /home/taneesh/Nav2_Assessment_ws/build/assessment_launch/build --no-deps symlink_data
[2.117s] INFO:colcon.colcon_core.shell:Creating environment hook '/home/taneesh/Nav2_Assessment_ws/build/assessment_launch/share/assessment_launch/hook/pythonpath_develop.ps1'
[2.117s] INFO:colcon.colcon_core.shell:Creating environment descriptor '/home/taneesh/Nav2_Assessment_ws/build/assessment_launch/share/assessment_launch/hook/pythonpath_develop.dsv'
[2.118s] INFO:colcon.colcon_core.shell:Creating environment hook '/home/taneesh/Nav2_Assessment_ws/build/assessment_launch/share/assessment_launch/hook/pythonpath_develop.sh'
[2.127s] Level 1:colcon.colcon_core.environment:checking '/home/taneesh/Nav2_Assessment_ws/install/assessment_launch' for CMake module files
[2.128s] Level 1:colcon.colcon_core.environment:checking '/home/taneesh/Nav2_Assessment_ws/install/assessment_launch' for CMake config files
[2.128s] Level 1:colcon.colcon_core.environment:checking '/home/taneesh/Nav2_Assessment_ws/install/assessment_launch/lib'
[2.129s] Level 1:colcon.colcon_core.environment:checking '/home/taneesh/Nav2_Assessment_ws/install/assessment_launch/bin'
[2.129s] Level 1:colcon.colcon_core.environment:checking '/home/taneesh/Nav2_Assessment_ws/install/assessment_launch/lib/pkgconfig/assessment_launch.pc'
[2.129s] Level 1:colcon.colcon_core.environment:checking '/home/taneesh/Nav2_Assessment_ws/install/assessment_launch/lib/python3.12/site-packages'
[2.129s] Level 1:colcon.colcon_core.shell:create_environment_hook('assessment_launch', 'pythonpath')
[2.129s] INFO:colcon.colcon_core.shell:Creating environment hook '/home/taneesh/Nav2_Assessment_ws/install/assessment_launch/share/assessment_launch/hook/pythonpath.ps1'
[2.140s] INFO:colcon.colcon_core.shell:Creating environment descriptor '/home/taneesh/Nav2_Assessment_ws/install/assessment_launch/share/assessment_launch/hook/pythonpath.dsv'
[2.140s] INFO:colcon.colcon_core.shell:Creating environment hook '/home/taneesh/Nav2_Assessment_ws/install/assessment_launch/share/assessment_launch/hook/pythonpath.sh'
[2.141s] Level 1:colcon.colcon_core.environment:checking '/home/taneesh/Nav2_Assessment_ws/install/assessment_launch/bin'
[2.141s] Level 1:colcon.colcon_core.environment:create_environment_scripts_only(assessment_launch)
[2.141s] INFO:colcon.colcon_core.shell:Creating package script '/home/taneesh/Nav2_Assessment_ws/install/assessment_launch/share/assessment_launch/package.ps1'
[2.142s] INFO:colcon.colcon_core.shell:Creating package descriptor '/home/taneesh/Nav2_Assessment_ws/install/assessment_launch/share/assessment_launch/package.dsv'
[2.143s] INFO:colcon.colcon_core.shell:Creating package script '/home/taneesh/Nav2_Assessment_ws/install/assessment_launch/share/assessment_launch/package.sh'
[2.144s] INFO:colcon.colcon_core.shell:Creating package script '/home/taneesh/Nav2_Assessment_ws/install/assessment_launch/share/assessment_launch/package.bash'
[2.145s] INFO:colcon.colcon_core.shell:Creating package script '/home/taneesh/Nav2_Assessment_ws/install/assessment_launch/share/assessment_launch/package.zsh'
[2.146s] Level 1:colcon.colcon_core.environment:create_file_with_runtime_dependencies(/home/taneesh/Nav2_Assessment_ws/install/assessment_launch/share/colcon-core/packages/assessment_launch)
[2.147s] Level 1:colcon.colcon_core.shell:create_environment_hook('nav_monitor', 'pythonpath_develop')
[2.147s] INFO:colcon.colcon_core.shell:Creating environment hook '/home/taneesh/Nav2_Assessment_ws/build/nav_monitor/share/nav_monitor/hook/pythonpath_develop.ps1'
[2.148s] INFO:colcon.colcon_core.shell:Creating environment descriptor '/home/taneesh/Nav2_Assessment_ws/build/nav_monitor/share/nav_monitor/hook/pythonpath_develop.dsv'
[2.148s] DEBUG:colcon.colcon_core.event_handler.log_command:Invoked command in '/home/taneesh/Nav2_Assessment_ws/build/nav_monitor' returned '0': DEBUGINFOD_URLS=https://debuginfod.ubuntu.com PYTHONPATH=/home/taneesh/Nav2_Assessment_ws/build/nav_monitor/prefix_override:/usr/lib/python3/dist-packages/colcon_core/task/python/colcon_distutils_commands:/home/taneesh/Nav2_Assessment_ws/install/nav_monitor/lib/python3.12/site-packages:${PYTHONPATH} /usr/bin/python3 -W ignore:setup.py install is deprecated -W ignore:easy_install command is deprecated setup.py develop --editable --build-directory /home/taneesh/Nav2_Assessment_ws/build/nav_monitor/build --no-deps symlink_data
[2.148s] INFO:colcon.colcon_core.shell:Creating environment hook '/home/taneesh/Nav2_Assessment_ws/build/nav_monitor/share/nav_monitor/hook/pythonpath_develop.sh'
[2.149s] Level 1:colcon.colcon_core.environment:checking '/home/taneesh/Nav2_Assessment_ws/install/nav_monitor' for CMake module files
[2.149s] Level 1:colcon.colcon_core.environment:checking '/home/taneesh/Nav2_Assessment_ws/install/nav_monitor' for CMake config files
[2.149s] Level 1:colcon.colcon_core.environment:checking '/home/taneesh/Nav2_Assessment_ws/install/nav_monitor/lib'
[2.149s] Level 1:colcon.colcon_core.environment:checking '/home/taneesh/Nav2_Assessment_ws/install/nav_monitor/bin'
[2.149s] Level 1:colcon.colcon_core.environment:checking '/home/taneesh/Nav2_Assessment_ws/install/nav_monitor/lib/pkgconfig/nav_monitor.pc'
[2.150s] Level 1:colcon.colcon_core.environment:checking '/home/taneesh/Nav2_Assessment_ws/install/nav_monitor/lib/python3.12/site-packages'
[2.150s] Level 1:colcon.colcon_core.shell:create_environment_hook('nav_monitor', 'pythonpath')
[2.150s] INFO:colcon.colcon_core.shell:Creating environment hook '/home/taneesh/Nav2_Assessment_ws/install/nav_monitor/share/nav_monitor/hook/pythonpath.ps1'
[2.151s] INFO:colcon.colcon_core.shell:Creating environment descriptor '/home/taneesh/Nav2_Assessment_ws/install/nav_monitor/share/nav_monitor/hook/pythonpath.dsv'
[2.151s] INFO:colcon.colcon_core.shell:Creating environment hook '/home/taneesh/Nav2_Assessment_ws/install/nav_monitor/share/nav_monitor/hook/pythonpath.sh'
[2.151s] Level 1:colcon.colcon_core.environment:checking '/home/taneesh/Nav2_Assessment_ws/install/nav_monitor/bin'
[2.152s] Level 1:colcon.colcon_core.environment:create_environment_scripts_only(nav_monitor)
[2.152s] INFO:colcon.colcon_core.shell:Creating package script '/home/taneesh/Nav2_Assessment_ws/install/nav_monitor/share/nav_monitor/package.ps1'
[2.152s] INFO:colcon.colcon_core.shell:Creating package descriptor '/home/taneesh/Nav2_Assessment_ws/install/nav_monitor/share/nav_monitor/package.dsv'
[2.152s] INFO:colcon.colcon_core.shell:Creating package script '/home/taneesh/Nav2_Assessment_ws/install/nav_monitor/share/nav_monitor/package.sh'
[2.153s] INFO:colcon.colcon_core.shell:Creating package script '/home/taneesh/Nav2_Assessment_ws/install/nav_monitor/share/nav_monitor/package.bash'
[2.153s] INFO:colcon.colcon_core.shell:Creating package script '/home/taneesh/Nav2_Assessment_ws/install/nav_monitor/share/nav_monitor/package.zsh'
[2.153s] Level 1:colcon.colcon_core.environment:create_file_with_runtime_dependencies(/home/taneesh/Nav2_Assessment_ws/install/nav_monitor/share/colcon-core/packages/nav_monitor)
[2.154s] DEBUG:colcon.colcon_parallel_executor.executor.parallel:closing loop
[2.154s] DEBUG:colcon.colcon_parallel_executor.executor.parallel:loop closed
[2.155s] DEBUG:colcon.colcon_parallel_executor.executor.parallel:run_until_complete finished with '0'
[2.155s] DEBUG:colcon.colcon_core.event_reactor:joining thread
[2.161s] INFO:colcon.colcon_core.plugin_system:Skipping extension 'colcon_notification.desktop_notification.terminal_notifier': Not used on non-Darwin systems
[2.161s] INFO:colcon.colcon_core.plugin_system:Skipping extension 'colcon_notification.desktop_notification.win32': Not used on non-Windows systems
[2.161s] INFO:colcon.colcon_notification.desktop_notification:Sending desktop notification using 'notify2'
[2.194s] DEBUG:colcon.colcon_notification.desktop_notification.notify2:Failed to initialize notify2: org.freedesktop.DBus.Error.ServiceUnknown: The name org.freedesktop.Notifications was not provided by any .service files
[2.195s] DEBUG:colcon.colcon_core.event_reactor:joined thread
[2.195s] INFO:colcon.colcon_core.shell:Creating prefix script '/home/taneesh/Nav2_Assessment_ws/install/local_setup.ps1'
[2.196s] INFO:colcon.colcon_core.shell:Creating prefix util module '/home/taneesh/Nav2_Assessment_ws/install/_local_setup_util_ps1.py'
[2.197s] INFO:colcon.colcon_core.shell:Creating prefix chain script '/home/taneesh/Nav2_Assessment_ws/install/setup.ps1'
[2.198s] INFO:colcon.colcon_core.shell:Creating prefix script '/home/taneesh/Nav2_Assessment_ws/install/local_setup.sh'
[2.199s] INFO:colcon.colcon_core.shell:Creating prefix util module '/home/taneesh/Nav2_Assessment_ws/install/_local_setup_util_sh.py'
[2.199s] INFO:colcon.colcon_core.shell:Creating prefix chain script '/home/taneesh/Nav2_Assessment_ws/install/setup.sh'
[2.201s] INFO:colcon.colcon_core.shell:Creating prefix script '/home/taneesh/Nav2_Assessment_ws/install/local_setup.bash'
[2.201s] INFO:colcon.colcon_core.shell:Creating prefix chain script '/home/taneesh/Nav2_Assessment_ws/install/setup.bash'
[2.202s] INFO:colcon.colcon_core.shell:Creating prefix script '/home/taneesh/Nav2_Assessment_ws/install/local_setup.zsh'
[2.203s] INFO:colcon.colcon_core.shell:Creating prefix chain script '/home/taneesh/Nav2_Assessment_ws/install/setup.zsh'
