[0.994s] Invoking command in '/home/taneesh/Nav2_Assessment_ws/build/assessment_launch': DEBUGINFOD_URLS=https://debuginfod.ubuntu.com PYTHONPATH=/home/taneesh/Nav2_Assessment_ws/build/assessment_launch/prefix_override:/usr/lib/python3/dist-packages/colcon_core/task/python/colcon_distutils_commands:/home/taneesh/Nav2_Assessment_ws/install/assessment_launch/lib/python3.12/site-packages:${PYTHONPATH} /usr/bin/python3 -W ignore:setup.py install is deprecated -W ignore:easy_install command is deprecated setup.py develop --editable --build-directory /home/taneesh/Nav2_Assessment_ws/build/assessment_launch/build --no-deps symlink_data
[1.227s] running develop
[1.369s] running egg_info
[1.369s] creating assessment_launch.egg-info
[1.386s] writing assessment_launch.egg-info/PKG-INFO
[1.386s] writing dependency_links to assessment_launch.egg-info/dependency_links.txt
[1.387s] writing requirements to assessment_launch.egg-info/requires.txt
[1.387s] writing top-level names to assessment_launch.egg-info/top_level.txt
[1.387s] writing manifest file 'assessment_launch.egg-info/SOURCES.txt'
[1.414s] reading manifest file 'assessment_launch.egg-info/SOURCES.txt'
[1.414s] writing manifest file 'assessment_launch.egg-info/SOURCES.txt'
[1.430s] running build_ext
[1.431s] Creating /home/taneesh/Nav2_Assessment_ws/install/assessment_launch/lib/python3.12/site-packages/assessment-launch.egg-link (link to .)
[1.431s] 
[1.431s] Installed /home/taneesh/Nav2_Assessment_ws/build/assessment_launch
[1.432s] running symlink_data
[1.432s] creating /home/taneesh/Nav2_Assessment_ws/install/assessment_launch/share/ament_index
[1.432s] creating /home/taneesh/Nav2_Assessment_ws/install/assessment_launch/share/ament_index/resource_index
[1.432s] creating /home/taneesh/Nav2_Assessment_ws/install/assessment_launch/share/ament_index/resource_index/packages
[1.433s] symbolically linking /home/taneesh/Nav2_Assessment_ws/build/assessment_launch/resource/assessment_launch -> /home/taneesh/Nav2_Assessment_ws/install/assessment_launch/share/ament_index/resource_index/packages
[1.433s] symbolically linking /home/taneesh/Nav2_Assessment_ws/build/assessment_launch/package.xml -> /home/taneesh/Nav2_Assessment_ws/install/assessment_launch/share/assessment_launch
[1.462s] Invoked command in '/home/taneesh/Nav2_Assessment_ws/build/assessment_launch' returned '0': DEBUGINFOD_URLS=https://debuginfod.ubuntu.com PYTHONPATH=/home/taneesh/Nav2_Assessment_ws/build/assessment_launch/prefix_override:/usr/lib/python3/dist-packages/colcon_core/task/python/colcon_distutils_commands:/home/taneesh/Nav2_Assessment_ws/install/assessment_launch/lib/python3.12/site-packages:${PYTHONPATH} /usr/bin/python3 -W ignore:setup.py install is deprecated -W ignore:easy_install command is deprecated setup.py develop --editable --build-directory /home/taneesh/Nav2_Assessment_ws/build/assessment_launch/build --no-deps symlink_data
